+ ansible-playbook -i inventory test_yaml.yml -v
++ set +x
