+ ansible-playbook -i inventory test.yml -v
++ set +x
